---
source: src/main.rs
expression: run_prefix_sum_test(&sizes).await?
---
(
    [
        0,
        34,
        70,
        107,
        144,
        181,
        217,
        252,
        287,
        323,
        360,
        402,
        422,
        442,
        462,
        482,
        501,
        520,
        539,
        559,
        579,
        599,
    ],
    624,
)
